
$ touch surnames.txt

KAJAL CHHIKARA@Dell MINGW64 ~/project (master)
$ git . add
git: '.' is not a git command. See 'git --help'.

The most similar commands are
        am
        gc
        mv
        p4
        rm

KAJAL CHHIKARA@Dell MINGW64 ~/project (master)
$ git add .

KAJAL CHHIKARA@Dell MINGW64 ~/project (master)
$ git status
On branch master
Changes to be committed:
  (use "git restore --staged <file>..." to unstage)
        renamed:    names.txt -> surnames
        new file:   surnames.txt
	adding is tough , why can t i exit this mode easily.it sucks

:x

